test_ai_consent_still_required (test_chat_binding.BindingProtocolTests.test_ai_consent_still_required) ... ok
test_enter_ack_still_required (test_chat_binding.BindingProtocolTests.test_enter_ack_still_required) ... ok
test_omission_remains_compatible (test_chat_binding.BindingProtocolTests.test_omission_remains_compatible) ... ok
test_only_boolean (test_chat_binding.BindingProtocolTests.test_only_boolean) ... ok
test_true_and_false (test_chat_binding.BindingProtocolTests.test_true_and_false) ... ok
test_ai_binding_opt_out_skips_old_constructor_and_title (test_chat_binding.WindowOnlyTests.test_ai_binding_opt_out_skips_old_constructor_and_title) ... ok
test_default_and_true_use_bound_guard (test_chat_binding.WindowOnlyTests.test_default_and_true_use_bound_guard) ... ok
test_field_change_still_stops (test_chat_binding.WindowOnlyTests.test_field_change_still_stops) ... ok
test_manual_binding_opt_out (test_chat_binding.WindowOnlyTests.test_manual_binding_opt_out) ... ok
test_no_uia_at_capture_retains_window_check (test_chat_binding.WindowOnlyTests.test_no_uia_at_capture_retains_window_check) ... ok
test_nonempty_field_still_stops_start (test_chat_binding.WindowOnlyTests.test_nonempty_field_still_stops_start) ... ok
test_process_change_still_stops (test_chat_binding.WindowOnlyTests.test_process_change_still_stops) ... ok
test_uia_disappearance_after_capture_stops (test_chat_binding.WindowOnlyTests.test_uia_disappearance_after_capture_stops) ... ok
test_window_switch_still_stops (test_chat_binding.WindowOnlyTests.test_window_switch_still_stops) ... ok
test_existing_session_no_new_code (test_input_auth_fix.AuthTests.test_existing_session_no_new_code) ... ok
test_expired_code_resets_pending_request (test_input_auth_fix.AuthTests.test_expired_code_resets_pending_request) ... ok
test_failed_connect_disconnects_without_logout (test_input_auth_fix.AuthTests.test_failed_connect_disconnects_without_logout) ... ok
test_logout_failure_not_claimed_success (test_input_auth_fix.AuthTests.test_logout_failure_not_claimed_success) ... ok
test_no_code_request_means_no_signin (test_input_auth_fix.AuthTests.test_no_code_request_means_no_signin) ... ok
test_normal_code_login (test_input_auth_fix.AuthTests.test_normal_code_login) ... ok
test_password_rejected_before_code_challenge (test_input_auth_fix.AuthTests.test_password_rejected_before_code_challenge) ... ok
test_phone_format_explained (test_input_auth_fix.AuthTests.test_phone_format_explained) ... ok
test_positive_api_id_required (test_input_auth_fix.AuthTests.test_positive_api_id_required) ... ok
test_saved_hash_checked_without_echoing (test_input_auth_fix.AuthTests.test_saved_hash_checked_without_echoing) ... ok
test_sentcode_is_not_authorization (test_input_auth_fix.AuthTests.test_sentcode_is_not_authorization) ... ok
test_two_factor_preserves_hash_and_password_spaces (test_input_auth_fix.AuthTests.test_two_factor_preserves_hash_and_password_spaces) ... ok
test_valueerror_has_action_but_no_secret (test_input_auth_fix.AuthTests.test_valueerror_has_action_but_no_secret) ... ok
test_whitespace_code_does_not_resend (test_input_auth_fix.AuthTests.test_whitespace_code_does_not_resend) ... ok
test_document_change_stops (test_input_auth_fix.GuardBehaviorTests.test_document_change_stops) ... ok
test_existing_draft_stops (test_input_auth_fix.GuardBehaviorTests.test_existing_draft_stops) ... ok
test_field_change_stops (test_input_auth_fix.GuardBehaviorTests.test_field_change_stops) ... ok
test_field_failure_is_not_window_switch (test_input_auth_fix.GuardBehaviorTests.test_field_failure_is_not_window_switch) ... ok
test_generic_telegram_window_rejected (test_input_auth_fix.GuardBehaviorTests.test_generic_telegram_window_rejected) ... ok
test_process_or_window_change_stops (test_input_auth_fix.GuardBehaviorTests.test_process_or_window_change_stops) ... ok
test_same_document_dirty_marker_is_allowed (test_input_auth_fix.GuardBehaviorTests.test_same_document_dirty_marker_is_allowed) ... ok
test_title_failure_has_specific_code (test_input_auth_fix.GuardBehaviorTests.test_title_failure_has_specific_code) ... ok
test_writer_preserves_guard_code (test_input_auth_fix.GuardBehaviorTests.test_writer_preserves_guard_code) ... ok
test_notepad_dirty_marker_only (test_input_auth_fix.GuardTitleTests.test_notepad_dirty_marker_only) ... ok
test_other_apps_titles_remain_strict (test_input_auth_fix.GuardTitleTests.test_other_apps_titles_remain_strict) ... ok
test_telegram_unread_counter_only (test_input_auth_fix.GuardTitleTests.test_telegram_unread_counter_only) ... ok
test_partial_keypress_cleanup_and_idempotence (test_input_auth_fix.KeyboardCleanupTests.test_partial_keypress_cleanup_and_idempotence) ... ok
test_controls_never_become_keyboard_shortcuts (test_input_auth_fix.OutputTests.test_controls_never_become_keyboard_shortcuts) ... ok
test_empty_text (test_input_auth_fix.OutputTests.test_empty_text) ... ok
test_error_does_not_echo_window_title (test_input_auth_fix.OutputTests.test_error_does_not_echo_window_title) ... ok
test_exact_three_words (test_input_auth_fix.OutputTests.test_exact_three_words) ... ok
test_f9_while_shift_key_is_held_releases_key (test_input_auth_fix.OutputTests.test_f9_while_shift_key_is_held_releases_key) ... ok
test_focus_loss_releases_key_and_does_not_send (test_input_auth_fix.OutputTests.test_focus_loss_releases_key_and_does_not_send) ... ok
test_full_exact_output_at_300 (test_input_auth_fix.OutputTests.test_full_exact_output_at_300) ... ok
test_no_greeting_or_question_special_cases (test_input_auth_fix.OutputTests.test_no_greeting_or_question_special_cases) ... ok
test_quote_normalization (test_input_auth_fix.OutputTests.test_quote_normalization) ... ok
test_release_before_next_character_or_enter (test_input_auth_fix.OutputTests.test_release_before_next_character_or_enter) ... ok
test_remainder (test_input_auth_fix.OutputTests.test_remainder) ... ok
test_speed_bounds (test_input_auth_fix.OutputTests.test_speed_bounds) ... ok
test_status_has_no_text (test_input_auth_fix.OutputTests.test_status_has_no_text) ... ok
test_stop_before_start_emits_nothing (test_input_auth_fix.OutputTests.test_stop_before_start_emits_nothing) ... ok
test_stop_between_groups_no_second_group (test_input_auth_fix.OutputTests.test_stop_between_groups_no_second_group) ... ok
test_whole_text_preflight_before_first_key (test_input_auth_fix.OutputTests.test_whole_text_preflight_before_first_key) ... ok
test_word_bounds (test_input_auth_fix.OutputTests.test_word_bounds) ... ok

----------------------------------------------------------------------
Ran 58 tests in 0.032s

OK
